5-8-2026 16:40:22 - debug: =================================== build Task (web-mobile) Start ================================
5-8-2026 16:40:22 - debug: Start build task, options:{"name":"NewProject_2","server":"","engineModulesConfigKey":"defaultConfig","platform":"web-mobile","buildPath":"project://build","debug":false,"buildMode":"normal","mangleProperties":false,"md5Cache":false,"skipCompressTexture":false,"sourceMaps":false,"overwriteProjectSettings":{"includeModules":{"gfx-webgl2":"inherit-project-setting","physics":"inherit-project-setting","physics-2d":"inherit-project-setting"},"macroConfig":{"cleanupImageCache":"inherit-project-setting"}},"nativeCodeBundleMode":"asmjs","polyfills":{"asyncFunctions":true,"coreJs":true},"experimentalEraseModules":false,"startSceneAssetBundle":false,"bundleConfigs":[],"inlineEnum":true,"useBuiltinServer":false,"md5CacheOptions":{"excludes":[],"includes":[],"replaceOnly":[],"handleTemplateMd5Link":true},"mainBundleIsRemote":false,"mainBundleCompressionType":"merge_all_json","useSplashScreen":true,"bundleCommonChunk":false,"packAutoAtlas":true,"startScene":"cd2c9166-1be3-427d-99ba-b89b460a24f9","outputName":"web-mobile","taskName":"web-mobile","scenes":[{"url":"db://assets/scenes/Game.scene","uuid":"cd2c9166-1be3-427d-99ba-b89b460a24f9"}],"wasmCompressionMode":false,"binGroupConfig":{"threshold":16,"enable":true},"packages":{"web-mobile":{"useWebGPU":false,"orientation":"auto","embedWebDebugger":false,"__version__":"1.0.1"},"adsense-h5g-plugin":{"enableAdsense":false,"enableTestAd":false,"__version__":"1.0.1","AFPHostPropertyCode":"ca-host-pub-5396158963872751","AFPHostDomain":"douyougame.com","otherAFPHostPropertyCode":"","otherAFPDomain":""},"cocos-service":{"configID":"da83c0","services":[]}},"__version__":"1.3.9","logDest":"project://temp/builder/log/web-mobile5-8-2026 16-40.log"}
5-8-2026 16:40:22 - debug: Build with Cocos Creator 3.8.8
5-8-2026 16:40:22 - debug: cocos-service:(onBeforeBuild) start..., progress: 0%
5-8-2026 16:40:22 - debug: // ---- build task cocos-service：onBeforeBuild ----
5-8-2026 16:40:22 - debug: // ---- build task cocos-service：onBeforeBuild ---- (263ms)
5-8-2026 16:40:22 - debug: cocos-service:(onBeforeBuild) in 263 ms ✓, progress: 2%
5-8-2026 16:40:22 - debug: scene:(onBeforeBuild) start..., progress: 2%
5-8-2026 16:40:22 - debug: // ---- build task scene：onBeforeBuild ----
5-8-2026 16:40:26 - debug: %cImport%c: C:\Users\Onehit\NewProject_2\assets\scenes\Game.scenebackground: #aaff85; color: #000;color: #000;
5-8-2026 16:40:26 - debug: save scene because scene is dirty
5-8-2026 16:40:26 - debug: // ---- build task scene：onBeforeBuild ---- (3288ms)
5-8-2026 16:40:26 - debug: scene:(onBeforeBuild) in 3288 ms ✓, progress: 4%
5-8-2026 16:40:26 - debug: Start lock asset db..., progress: 4%
5-8-2026 16:40:26 - log: Asset DB is paused with build!
5-8-2026 16:40:26 - debug: Query all assets info in project
5-8-2026 16:40:26 - debug: asset-db:reimport-assetcd2c9166-1be3-427d-99ba-b89b460a24f9 (31ms)
5-8-2026 16:40:26 - debug: init custom config: keepNodeUuid: false, useCache: true
5-8-2026 16:40:26 - debug: web-mobile:(onAfterInit) start..., progress: 4%
5-8-2026 16:40:26 - debug: // ---- build task web-mobile：onAfterInit ----
5-8-2026 16:40:26 - debug: // ---- build task web-mobile：onAfterInit ---- (9ms)
5-8-2026 16:40:26 - debug: web-mobile:(onAfterInit) in 9 ms ✓, progress: 5%
5-8-2026 16:40:26 - debug: cocos-service:(onAfterInit) start..., progress: 5%
5-8-2026 16:40:26 - debug: // ---- build task cocos-service：onAfterInit ----
5-8-2026 16:40:26 - log: The asset database is locked, asset operations(refresh) will delay response, please wait a moment.
5-8-2026 16:40:26 - debug: // ---- build task cocos-service：onAfterInit ---- (147ms)
5-8-2026 16:40:26 - debug: cocos-service:(onAfterInit) in 147 ms ✓, progress: 7%
5-8-2026 16:40:26 - debug: Skip compress image, progress: 0%
5-8-2026 16:40:26 - debug: adsense-h5g-plugin:(onBeforeBundleInit) start..., progress: 7%
5-8-2026 16:40:26 - debug: adsense-h5g-plugin:(onBeforeBundleInit) start..., progress: 0%
5-8-2026 16:40:26 - debug: // ---- build task adsense-h5g-plugin：onBeforeBundleInit ----
5-8-2026 16:40:26 - debug: [adsense-h5g-plugin] remove script success
5-8-2026 16:40:26 - debug: // ---- build task adsense-h5g-plugin：onBeforeBundleInit ---- (22ms)
5-8-2026 16:40:26 - debug(2): adsense-h5g-plugin:(onBeforeBundleInit) in 22 ms ✓, progress: 7%
5-8-2026 16:40:26 - debug(2): Init all bundles start..., progress: 7%
5-8-2026 16:40:26 - debug(2): Num of bundles: 2..., progress: 7%
5-8-2026 16:40:26 - debug(2): web-mobile:(onAfterBundleInit) start..., progress: 7%
5-8-2026 16:40:26 - debug: // ---- build task web-mobile：onAfterBundleInit ----
5-8-2026 16:40:26 - debug: // ---- build task web-mobile：onAfterBundleInit ---- (37ms)
5-8-2026 16:40:26 - debug: web-mobile:(onAfterBundleInit) in 37 ms ✓, progress: 7%
5-8-2026 16:40:26 - debug: web-mobile:(onAfterBundleInit) in 37 ms ✓, progress: 13%
5-8-2026 16:40:26 - debug: Query asset bundle start, progress: 7%
5-8-2026 16:40:26 - debug: // ---- build task Query asset bundle ----
5-8-2026 16:40:26 - debug: Init bundle root assets start..., progress: 7%
5-8-2026 16:40:26 - debug: Init bundle root assets start..., progress: 13%
5-8-2026 16:40:26 - debug: Query preload assets/scripts from cc.config.json: 60f7195c-ec2a-45eb-ba94-8955f60e81d0,1c02ae6f-4492-4915-b8f8-7492a3b1e4cd,810e96e4-e456-4468-9b59-f4e8f39732c0,efe8e2a3-eace-427b-b4f1-cb8a937ec77d,e9aa9a3e-5b2b-4ac7-a2c7-073de2b2b24f,8bbdbcdd-5cd4-4100-b6d5-b7c9625b6107,50f4348b-c883-4e2f-8f11-ce233b859fa1,fda095cb-831d-4601-ad94-846013963de8,f92806d7-1768-443f-afe8-12bcde84d0f0,dd3a144d-ab7f-41f0-82b8-2e43a090d496,f0416e68-0200-4b77-a926-4f9d16e494da,970b0598-bcb0-4714-91fb-2e81440dccd8,bcd64cc6-2dd9-43f6-abbe-66318d332032,d930590d-bb92-4cc8-8bd1-23cd027f9edf,a3cd009f-0ab0-420d-9278-b9fdab939bbc,6a2d0734-bd9e-4ddf-946e-caa52498cb75,c27215d8-6835-4b68-bfbb-bdeac6100c04,b5d6115f-0370-4d7c-aad3-c194cc71cf98,871c3b6c-7379-419d-bda3-794b239ab90d,ff9b0199-ce04-4cfe-86cc-6c719f08d6e4,de1c2107-70c8-4021-8459-6399f24d01c6,cbf30902-517f-40dc-af90-a550bac27cf1,5c601d96-e4c7-4698-991b-7ee674b11079
5-8-2026 16:40:26 - debug:   Number of all scenes: 1
5-8-2026 16:40:26 - debug:   Number of all scripts: 9
5-8-2026 16:40:26 - debug:   Number of other assets: 318
5-8-2026 16:40:26 - debug: Init bundle root assets success..., progress: 7%
5-8-2026 16:40:26 - debug: Init bundle root assets success..., progress: 13%
5-8-2026 16:40:26 - debug: reload all scripts.
5-8-2026 16:40:26 - log: creating executor ...
5-8-2026 16:40:26 - debug: [[Executor]] reload before lock
5-8-2026 16:40:26 - debug: Set detail map pack:///resolution-detail-map.json: {}
5-8-2026 16:40:26 - groupCollapsed: Invalidate all modules
5-8-2026 16:40:26 - debug: C:\Users\Onehit\NewProject_2\temp\programming\packer-driver\targets\editor\chunks\93\93ba276ea7b26ffcdc433fab14afc1ed6f05647b.js resolved to C:\Users\Onehit\NewProject_2\temp\programming\packer-driver\targets\editor\chunks\93\93ba276ea7b26ffcdc433fab14afc1ed6f05647b.js is not in module cache!
5-8-2026 16:40:26 - debug: [[Executor]] Module "cce:/internal/x/cc-fu/base" loaded.
5-8-2026 16:40:26 - debug: [[Executor]] Module "cce:/internal/x/cc-fu/gfx-webgl" loaded.
5-8-2026 16:40:26 - debug: [[Executor]] Module "cce:/internal/x/cc-fu/gfx-webgl2" loaded.
5-8-2026 16:40:26 - debug: [[Executor]] Module "cce:/internal/x/cc-fu/gfx-empty" loaded.
5-8-2026 16:40:26 - debug: [[Executor]] Module "cce:/internal/x/cc-fu/gfx-webgpu" loaded.
5-8-2026 16:40:26 - debug: [[Executor]] Module "cce:/internal/x/cc-fu/3d" loaded.
5-8-2026 16:40:26 - debug: [[Executor]] Module "cce:/internal/x/cc-fu/animation" loaded.
5-8-2026 16:40:26 - debug: [[Executor]] Module "cce:/internal/x/cc-fu/skeletal-animation" loaded.
5-8-2026 16:40:26 - debug: [[Executor]] Module "cce:/internal/x/cc-fu/2d" loaded.
5-8-2026 16:40:26 - debug: [[Executor]] Module "cce:/internal/x/cc-fu/sorting" loaded.
5-8-2026 16:40:26 - debug: [[Executor]] Module "cce:/internal/x/cc-fu/rich-text" loaded.
5-8-2026 16:40:26 - debug: [[Executor]] Module "cce:/internal/x/cc-fu/mask" loaded.
5-8-2026 16:40:26 - debug: [[Executor]] Module "cce:/internal/x/cc-fu/graphics" loaded.
5-8-2026 16:40:26 - debug: [[Executor]] Module "cce:/internal/x/cc-fu/ui-skew" loaded.
5-8-2026 16:40:26 - debug: [[Executor]] Module "cce:/internal/x/cc-fu/ui" loaded.
5-8-2026 16:40:26 - debug: [[Executor]] Module "cce:/internal/x/cc-fu/affine-transform" loaded.
5-8-2026 16:40:26 - debug: [[Executor]] Module "cce:/internal/x/cc-fu/sorting-2d" loaded.
5-8-2026 16:40:26 - debug: [[Executor]] Module "cce:/internal/x/cc-fu/particle" loaded.
5-8-2026 16:40:26 - debug: [[Executor]] Module "cce:/internal/x/cc-fu/particle-2d" loaded.
5-8-2026 16:40:26 - debug: [[Executor]] Module "cce:/internal/x/cc-fu/physics-framework" loaded.
5-8-2026 16:40:26 - debug: [[Executor]] Module "cce:/internal/x/cc-fu/physics-cannon" loaded.
5-8-2026 16:40:26 - debug: [[Executor]] Module "cce:/internal/x/cc-fu/physics-physx" loaded.
5-8-2026 16:40:26 - debug: [[Executor]] Module "cce:/internal/x/cc-fu/physics-ammo" loaded.
5-8-2026 16:40:26 - debug: [[Executor]] Module "cce:/internal/x/cc-fu/physics-builtin" loaded.
5-8-2026 16:40:26 - debug: [[Executor]] Module "cce:/internal/x/cc-fu/physics-2d-framework" loaded.
5-8-2026 16:40:26 - debug: [[Executor]] Module "cce:/internal/x/cc-fu/physics-2d-box2d-jsb" loaded.
5-8-2026 16:40:26 - debug: [[Executor]] Module "cce:/internal/x/cc-fu/physics-2d-box2d" loaded.
5-8-2026 16:40:26 - debug: [[Executor]] Module "cce:/internal/x/cc-fu/physics-2d-builtin" loaded.
5-8-2026 16:40:26 - debug: [[Executor]] Module "cce:/internal/x/cc-fu/physics-2d-box2d-wasm" loaded.
5-8-2026 16:40:26 - debug: [[Executor]] Module "cce:/internal/x/cc-fu/intersection-2d" loaded.
5-8-2026 16:40:26 - debug: [[Executor]] Module "cce:/internal/x/cc-fu/primitive" loaded.
5-8-2026 16:40:26 - debug: [[Executor]] Module "cce:/internal/x/cc-fu/profiler" loaded.
5-8-2026 16:40:26 - debug: [[Executor]] Module "cce:/internal/x/cc-fu/geometry-renderer" loaded.
5-8-2026 16:40:26 - debug: [[Executor]] Module "cce:/internal/x/cc-fu/audio" loaded.
5-8-2026 16:40:26 - debug: [[Executor]] Module "cce:/internal/x/cc-fu/video" loaded.
5-8-2026 16:40:26 - debug: [[Executor]] Module "cce:/internal/x/cc-fu/xr" loaded.
5-8-2026 16:40:26 - debug: [[Executor]] Module "cce:/internal/x/cc-fu/light-probe" loaded.
5-8-2026 16:40:26 - debug: [[Executor]] Module "cce:/internal/x/cc-fu/terrain" loaded.
5-8-2026 16:40:26 - debug: [[Executor]] Module "cce:/internal/x/cc-fu/webview" loaded.
5-8-2026 16:40:26 - debug: [[Executor]] Module "cce:/internal/x/cc-fu/tween" loaded.
5-8-2026 16:40:26 - debug: [[Executor]] Module "cce:/internal/x/cc-fu/tiled-map" loaded.
5-8-2026 16:40:26 - debug: [[Executor]] Module "cce:/internal/x/cc-fu/vendor-google" loaded.
5-8-2026 16:40:26 - debug: [[Executor]] Module "cce:/internal/x/cc-fu/spine" loaded.
5-8-2026 16:40:26 - debug: [[Executor]] Module "cce:/internal/x/cc-fu/dragon-bones" loaded.
5-8-2026 16:40:26 - debug: [[Executor]] Module "cce:/internal/x/cc-fu/custom-pipeline" loaded.
5-8-2026 16:40:26 - debug: [[Executor]] Module "cce:/internal/x/cc-fu/custom-pipeline-post-process" loaded.
5-8-2026 16:40:26 - debug: [[Executor]] Module "cce:/internal/x/cc-fu/legacy-pipeline" loaded.
5-8-2026 16:40:26 - debug: [[Executor]] Module "cce:/internal/x/cc-fu/base" loaded.
5-8-2026 16:40:26 - debug: [[Executor]] Module "cce:/internal/x/cc-fu/gfx-webgl" loaded.
5-8-2026 16:40:26 - debug: [[Executor]] Module "cce:/internal/x/cc-fu/gfx-webgl2" loaded.
5-8-2026 16:40:26 - debug: [[Executor]] Module "cce:/internal/x/cc-fu/gfx-empty" loaded.
5-8-2026 16:40:26 - debug: [[Executor]] Module "cce:/internal/x/cc-fu/gfx-webgpu" loaded.
5-8-2026 16:40:26 - debug: [[Executor]] Module "cce:/internal/x/cc-fu/3d" loaded.
5-8-2026 16:40:26 - debug: [[Executor]] Module "cce:/internal/x/cc-fu/animation" loaded.
5-8-2026 16:40:26 - debug: [[Executor]] Module "cce:/internal/x/cc-fu/skeletal-animation" loaded.
5-8-2026 16:40:26 - debug: [[Executor]] Module "cce:/internal/x/cc-fu/2d" loaded.
5-8-2026 16:40:26 - debug: [[Executor]] Module "cce:/internal/x/cc-fu/sorting" loaded.
5-8-2026 16:40:26 - debug: [[Executor]] Module "cce:/internal/x/cc-fu/rich-text" loaded.
5-8-2026 16:40:26 - debug: [[Executor]] Module "cce:/internal/x/cc-fu/mask" loaded.
5-8-2026 16:40:26 - debug: [[Executor]] Module "cce:/internal/x/cc-fu/graphics" loaded.
5-8-2026 16:40:26 - debug: [[Executor]] Module "cce:/internal/x/cc-fu/ui-skew" loaded.
5-8-2026 16:40:26 - debug: [[Executor]] Module "cce:/internal/x/cc-fu/ui" loaded.
5-8-2026 16:40:26 - debug: [[Executor]] Module "cce:/internal/x/cc-fu/affine-transform" loaded.
5-8-2026 16:40:26 - debug: [[Executor]] Module "cce:/internal/x/cc-fu/sorting-2d" loaded.
5-8-2026 16:40:26 - debug: [[Executor]] Module "cce:/internal/x/cc-fu/particle" loaded.
5-8-2026 16:40:26 - debug: [[Executor]] Module "cce:/internal/x/cc-fu/particle-2d" loaded.
5-8-2026 16:40:26 - debug: [[Executor]] Module "cce:/internal/x/cc-fu/physics-framework" loaded.
5-8-2026 16:40:26 - debug: [[Executor]] Module "cce:/internal/x/cc-fu/physics-cannon" loaded.
5-8-2026 16:40:26 - debug: [[Executor]] Module "cce:/internal/x/cc-fu/physics-physx" loaded.
5-8-2026 16:40:26 - debug: [[Executor]] Module "cce:/internal/x/cc-fu/physics-ammo" loaded.
5-8-2026 16:40:26 - debug: [[Executor]] Module "cce:/internal/x/cc-fu/physics-builtin" loaded.
5-8-2026 16:40:26 - debug: [[Executor]] Module "cce:/internal/x/cc-fu/physics-2d-framework" loaded.
5-8-2026 16:40:26 - debug: [[Executor]] Module "cce:/internal/x/cc-fu/physics-2d-box2d" loaded.
5-8-2026 16:40:26 - debug: [[Executor]] Module "cce:/internal/x/cc-fu/physics-2d-builtin" loaded.
5-8-2026 16:40:26 - debug: [[Executor]] Module "cce:/internal/x/cc-fu/physics-2d-box2d-wasm" loaded.
5-8-2026 16:40:26 - debug: [[Executor]] Module "cce:/internal/x/cc-fu/intersection-2d" loaded.
5-8-2026 16:40:26 - debug: [[Executor]] Module "cce:/internal/x/cc-fu/primitive" loaded.
5-8-2026 16:40:26 - debug: [[Executor]] Module "cce:/internal/x/cc-fu/profiler" loaded.
5-8-2026 16:40:26 - debug: [[Executor]] Module "cce:/internal/x/cc-fu/geometry-renderer" loaded.
5-8-2026 16:40:26 - debug: [[Executor]] Module "cce:/internal/x/cc-fu/audio" loaded.
5-8-2026 16:40:26 - debug: [[Executor]] Module "cce:/internal/x/cc-fu/video" loaded.
5-8-2026 16:40:26 - debug: [[Executor]] Module "cce:/internal/x/cc-fu/xr" loaded.
5-8-2026 16:40:26 - debug: [[Executor]] Module "cce:/internal/x/cc-fu/light-probe" loaded.
5-8-2026 16:40:26 - debug: [[Executor]] Module "cce:/internal/x/cc-fu/terrain" loaded.
5-8-2026 16:40:26 - debug: [[Executor]] Module "cce:/internal/x/cc-fu/webview" loaded.
5-8-2026 16:40:26 - debug: [[Executor]] Module "cce:/internal/x/cc-fu/tween" loaded.
5-8-2026 16:40:26 - debug: [[Executor]] Module "cce:/internal/x/cc-fu/tiled-map" loaded.
5-8-2026 16:40:26 - debug: [[Executor]] Module "cce:/internal/x/cc-fu/spine" loaded.
5-8-2026 16:40:26 - debug: [[Executor]] Module "cce:/internal/x/cc-fu/dragon-bones" loaded.
5-8-2026 16:40:26 - debug: [[Executor]] Module "cce:/internal/x/cc-fu/custom-pipeline" loaded.
5-8-2026 16:40:26 - debug: [[Executor]] Module "cce:/internal/x/cc-fu/custom-pipeline-post-process" loaded.
5-8-2026 16:40:26 - debug: [[Executor]] Module "cce:/internal/x/cc-fu/legacy-pipeline" loaded.
5-8-2026 16:40:26 - debug: [[Executor]] Module "cce:/internal/x/cc-fu/vendor-google" loaded.
5-8-2026 16:40:26 - debug: [[Executor]] Module "cce:/internal/x/cc-fu/physics-2d-box2d-jsb" loaded.
5-8-2026 16:40:26 - debug: [[Executor]] Module "pack:///chunks/93/93ba276ea7b26ffcdc433fab14afc1ed6f05647b.js" loaded.
5-8-2026 16:40:26 - debug: Invalidating 'pack:///chunks/93/93ba276ea7b26ffcdc433fab14afc1ed6f05647b.js'
5-8-2026 16:40:26 - groupEnd: Invalidate all modules
5-8-2026 16:40:26 - groupCollapsed: Imports all modules
5-8-2026 16:40:26 - debug: [[Executor]] Module "pack:///chunks/93/93ba276ea7b26ffcdc433fab14afc1ed6f05647b.js" loaded.
5-8-2026 16:40:26 - debug: C:\Users\Onehit\NewProject_2\temp\programming\packer-driver\targets\editor\chunks\6d\6d8fd2b0177941b032ddc0733af48a561fb60657.js resolved to C:\Users\Onehit\NewProject_2\temp\programming\packer-driver\targets\editor\chunks\6d\6d8fd2b0177941b032ddc0733af48a561fb60657.js is not in module cache!
5-8-2026 16:40:26 - debug: [[Executor]] Module "pack:///chunks/6d/6d8fd2b0177941b032ddc0733af48a561fb60657.js" loaded.
5-8-2026 16:40:26 - debug: C:\Users\Onehit\NewProject_2\temp\programming\packer-driver\targets\editor\chunks\50\50ec684ab28702df18cf262b25c26ec6d899c3a5.js resolved to C:\Users\Onehit\NewProject_2\temp\programming\packer-driver\targets\editor\chunks\50\50ec684ab28702df18cf262b25c26ec6d899c3a5.js is not in module cache!
5-8-2026 16:40:26 - debug: C:\Users\Onehit\NewProject_2\temp\programming\packer-driver\targets\editor\chunks\6a\6a5019a719a9014c047e67aa1cf34453ab8392ce.js resolved to C:\Users\Onehit\NewProject_2\temp\programming\packer-driver\targets\editor\chunks\6a\6a5019a719a9014c047e67aa1cf34453ab8392ce.js is not in module cache!
5-8-2026 16:40:26 - debug: C:\Users\Onehit\NewProject_2\temp\programming\packer-driver\targets\editor\chunks\fd\fd74c742a972dbbcd3691d204a338b19a4515b62.js resolved to C:\Users\Onehit\NewProject_2\temp\programming\packer-driver\targets\editor\chunks\fd\fd74c742a972dbbcd3691d204a338b19a4515b62.js is not in module cache!
5-8-2026 16:40:26 - debug: C:\Users\Onehit\NewProject_2\temp\programming\packer-driver\targets\editor\chunks\e2\e2831fde95d58c09916d0f882742b7597544b8d1.js resolved to C:\Users\Onehit\NewProject_2\temp\programming\packer-driver\targets\editor\chunks\e2\e2831fde95d58c09916d0f882742b7597544b8d1.js is not in module cache!
5-8-2026 16:40:26 - debug: C:\Users\Onehit\NewProject_2\temp\programming\packer-driver\targets\editor\chunks\b1\b18130d786bcadd1d0cb653401afdf2ede79b799.js resolved to C:\Users\Onehit\NewProject_2\temp\programming\packer-driver\targets\editor\chunks\b1\b18130d786bcadd1d0cb653401afdf2ede79b799.js is not in module cache!
5-8-2026 16:40:26 - debug: C:\Users\Onehit\NewProject_2\temp\programming\packer-driver\targets\editor\chunks\7d\7dd5f1b51da4ae6cb44c6f9d41d8fc719b109223.js resolved to C:\Users\Onehit\NewProject_2\temp\programming\packer-driver\targets\editor\chunks\7d\7dd5f1b51da4ae6cb44c6f9d41d8fc719b109223.js is not in module cache!
5-8-2026 16:40:26 - debug: [[Executor]] Module "pack:///chunks/6a/6a5019a719a9014c047e67aa1cf34453ab8392ce.js" loaded.
5-8-2026 16:40:26 - debug: [[Executor]] Module "cce:/internal/x/engine-export-to-editor/cc/editor/populate-internal-constants" loaded.
5-8-2026 16:40:26 - debug: [[Executor]] Module "pack:///chunks/7d/7dd5f1b51da4ae6cb44c6f9d41d8fc719b109223.js" loaded.
5-8-2026 16:40:26 - debug: [[Executor]] Module "cce:/internal/x/engine-export-to-editor/cc/editor/populate-internal-constants" loaded.
5-8-2026 16:40:26 - debug: [[Executor]] Register BuiltinPipelineSettings
5-8-2026 16:40:26 - debug: [[Executor]] Module "pack:///chunks/e2/e2831fde95d58c09916d0f882742b7597544b8d1.js" loaded.
5-8-2026 16:40:26 - debug: [[Executor]] Module "pack:///chunks/fd/fd74c742a972dbbcd3691d204a338b19a4515b62.js" loaded.
5-8-2026 16:40:26 - debug: [[Executor]] Register BuiltinPipelinePassBuilder
5-8-2026 16:40:26 - debug: [[Executor]] Module "pack:///chunks/b1/b18130d786bcadd1d0cb653401afdf2ede79b799.js" loaded.
5-8-2026 16:40:26 - debug: [[Executor]] Register BuiltinDepthOfFieldPass
5-8-2026 16:40:26 - debug: [[Executor]] Module "pack:///chunks/50/50ec684ab28702df18cf262b25c26ec6d899c3a5.js" loaded.
5-8-2026 16:40:26 - debug: C:\Users\Onehit\NewProject_2\temp\programming\packer-driver\targets\editor\chunks\62\621a159ce4a7bac550092546e00c97e12458f12b.js resolved to C:\Users\Onehit\NewProject_2\temp\programming\packer-driver\targets\editor\chunks\62\621a159ce4a7bac550092546e00c97e12458f12b.js is not in module cache!
5-8-2026 16:40:26 - debug: [[Executor]] Register DebugViewRuntimeControl
5-8-2026 16:40:26 - debug: [[Executor]] Module "pack:///chunks/62/621a159ce4a7bac550092546e00c97e12458f12b.js" loaded.
5-8-2026 16:40:26 - debug: C:\Users\Onehit\NewProject_2\temp\programming\packer-driver\targets\editor\chunks\2b\2b939e22d15475b901e84c005d3b62502023693f.js resolved to C:\Users\Onehit\NewProject_2\temp\programming\packer-driver\targets\editor\chunks\2b\2b939e22d15475b901e84c005d3b62502023693f.js is not in module cache!
5-8-2026 16:40:26 - debug: C:\Users\Onehit\NewProject_2\temp\programming\packer-driver\targets\editor\chunks\cf\cfe71076bdff9c528ef128cbaf575f8e8427d6ff.js resolved to C:\Users\Onehit\NewProject_2\temp\programming\packer-driver\targets\editor\chunks\cf\cfe71076bdff9c528ef128cbaf575f8e8427d6ff.js is not in module cache!
5-8-2026 16:40:26 - debug: [[Executor]] Register TileView
5-8-2026 16:40:26 - debug: [[Executor]] Module "pack:///chunks/cf/cfe71076bdff9c528ef128cbaf575f8e8427d6ff.js" loaded.
5-8-2026 16:40:26 - debug: [[Executor]] Register GameManager
5-8-2026 16:40:26 - debug: [[Executor]] Module "pack:///chunks/2b/2b939e22d15475b901e84c005d3b62502023693f.js" loaded.
5-8-2026 16:40:26 - debug: C:\Users\Onehit\NewProject_2\temp\programming\packer-driver\targets\editor\chunks\8b\8bdb050c9f9ed425bf229e25fd8d5f4ff4e91f44.js resolved to C:\Users\Onehit\NewProject_2\temp\programming\packer-driver\targets\editor\chunks\8b\8bdb050c9f9ed425bf229e25fd8d5f4ff4e91f44.js is not in module cache!
5-8-2026 16:40:26 - debug: [[Executor]] Register ResponsiveView
5-8-2026 16:40:26 - debug: [[Executor]] Module "pack:///chunks/8b/8bdb050c9f9ed425bf229e25fd8d5f4ff4e91f44.js" loaded.
5-8-2026 16:40:26 - debug: [[Executor]] Module "pack:///chunks/6d/6d8fd2b0177941b032ddc0733af48a561fb60657.js" loaded.
5-8-2026 16:40:26 - groupEnd: Imports all modules
5-8-2026 16:40:26 - debug: [[Executor]] after unlock
5-8-2026 16:40:26 - debug: Incremental keys: regeneratorRuntime,b2jsb
5-8-2026 16:40:26 - debug: Init bundle share assets start..., progress: 7%
5-8-2026 16:40:26 - debug: Init bundle share assets start..., progress: 13%
5-8-2026 16:40:26 - debug: Init bundle share assets success..., progress: 7%
5-8-2026 16:40:26 - debug: Init bundle share assets success..., progress: 13%
5-8-2026 16:40:26 - debug: handle json group in bundle internal
5-8-2026 16:40:26 - debug: handle json group in bundle internal success
5-8-2026 16:40:26 - debug: handle json group in bundle main
5-8-2026 16:40:26 - debug: handle json group in bundle main success
5-8-2026 16:40:26 - debug: Handle binary group in bundle internal: start
5-8-2026 16:40:26 - debug: Handle binary group in bundle main: start
5-8-2026 16:40:26 - debug: Handle binary group in bundle internal: no need to handle
5-8-2026 16:40:26 - debug: Handle binary group in bundle main: no need to handle
5-8-2026 16:40:26 - debug: init image compress task 0 in bundle internal
5-8-2026 16:40:26 - debug: init image compress task 0 in bundle main
5-8-2026 16:40:26 - debug: // ---- build task Query asset bundle ---- (188ms)
5-8-2026 16:40:26 - log: run build task Query asset bundle success in 188 ms√, progress: 12%
5-8-2026 16:40:26 - debug: [Build Memory track]: Query asset bundle start:232.62MB, end 234.74MB, increase: 2.12MB
5-8-2026 16:40:26 - debug: Query asset bundle start, progress: 12%
5-8-2026 16:40:26 - debug: // ---- build task Query asset bundle ----
5-8-2026 16:40:26 - debug: // ---- build task Query asset bundle ---- (21ms)
5-8-2026 16:40:26 - log: run build task Query asset bundle success in 21 ms√, progress: 17%
5-8-2026 16:40:26 - debug: [Build Memory track]: Query asset bundle start:234.78MB, end 234.93MB, increase: 146.58KB
5-8-2026 16:40:26 - debug: Build script start, progress: 17%
5-8-2026 16:40:26 - debug: // ---- build task Build script ----
5-8-2026 16:40:27 - debug: Query all assets info in project
5-8-2026 16:40:27 - debug: init custom config: keepNodeUuid: false, useCache: true
5-8-2026 16:40:27 - debug: Skip compress image, progress: 0%
5-8-2026 16:40:27 - debug: Query all assets info in project
5-8-2026 16:40:27 - debug: Init all bundles start..., progress: 0%
5-8-2026 16:40:27 - debug: Num of bundles: 2..., progress: 0%
5-8-2026 16:40:27 - debug: Query asset bundle start, progress: 0%
5-8-2026 16:40:27 - debug: // ---- build task Query asset bundle ----
5-8-2026 16:40:27 - debug: Init bundle root assets start..., progress: 0%
5-8-2026 16:40:27 - debug: Query preload assets/scripts from cc.config.json: 60f7195c-ec2a-45eb-ba94-8955f60e81d0,1c02ae6f-4492-4915-b8f8-7492a3b1e4cd,810e96e4-e456-4468-9b59-f4e8f39732c0,efe8e2a3-eace-427b-b4f1-cb8a937ec77d,e9aa9a3e-5b2b-4ac7-a2c7-073de2b2b24f,8bbdbcdd-5cd4-4100-b6d5-b7c9625b6107,50f4348b-c883-4e2f-8f11-ce233b859fa1,fda095cb-831d-4601-ad94-846013963de8,f92806d7-1768-443f-afe8-12bcde84d0f0,dd3a144d-ab7f-41f0-82b8-2e43a090d496,f0416e68-0200-4b77-a926-4f9d16e494da,970b0598-bcb0-4714-91fb-2e81440dccd8,bcd64cc6-2dd9-43f6-abbe-66318d332032,d930590d-bb92-4cc8-8bd1-23cd027f9edf,a3cd009f-0ab0-420d-9278-b9fdab939bbc,6a2d0734-bd9e-4ddf-946e-caa52498cb75,c27215d8-6835-4b68-bfbb-bdeac6100c04,b5d6115f-0370-4d7c-aad3-c194cc71cf98,871c3b6c-7379-419d-bda3-794b239ab90d,ff9b0199-ce04-4cfe-86cc-6c719f08d6e4,de1c2107-70c8-4021-8459-6399f24d01c6,cbf30902-517f-40dc-af90-a550bac27cf1,5c601d96-e4c7-4698-991b-7ee674b11079
5-8-2026 16:40:27 - debug:   Number of all scenes: 1
5-8-2026 16:40:27 - debug:   Number of all scripts: 9
5-8-2026 16:40:27 - debug:   Number of other assets: 318
5-8-2026 16:40:27 - debug: Init bundle root assets success..., progress: 0%
5-8-2026 16:40:27 - debug: // ---- build task Query asset bundle ---- (16ms)
5-8-2026 16:40:27 - log: run build task Query asset bundle success in 16 ms√, progress: 5%
5-8-2026 16:40:27 - debug: [Build Memory track]: Query asset bundle start:235.65MB, end 234.66MB, increase: -1009.46KB
5-8-2026 16:40:27 - debug: Query asset bundle start, progress: 5%
5-8-2026 16:40:27 - debug: // ---- build task Query asset bundle ----
5-8-2026 16:40:27 - debug: // ---- build task Query asset bundle ---- (6ms)
5-8-2026 16:40:27 - log: run build task Query asset bundle success in 6 ms√, progress: 10%
5-8-2026 16:40:27 - debug: [Build Memory track]: Query asset bundle start:234.70MB, end 234.82MB, increase: 121.23KB
5-8-2026 16:40:27 - debug: Sort some build options to settings.json start, progress: 10%
5-8-2026 16:40:27 - debug: // ---- build task Sort some build options to settings.json ----
5-8-2026 16:40:27 - debug: // ---- build task Sort some build options to settings.json ---- (4ms)
5-8-2026 16:40:27 - log: run build task Sort some build options to settings.json success in 4 ms√, progress: 12%
5-8-2026 16:40:27 - debug: [Build Memory track]: Sort some build options to settings.json start:234.86MB, end 234.89MB, increase: 35.60KB
5-8-2026 16:40:27 - debug: Fill script data to settings start, progress: 12%
5-8-2026 16:40:27 - debug: // ---- build task Fill script data to settings ----
5-8-2026 16:40:27 - debug: // ---- build task Fill script data to settings ---- (2ms)
5-8-2026 16:40:27 - log: run build task Fill script data to settings success in 2 ms√, progress: 13%
5-8-2026 16:40:27 - debug: [Build Memory track]: Fill script data to settings start:234.93MB, end 234.97MB, increase: 36.67KB
5-8-2026 16:40:27 - debug: Sort some build options to settings.json start, progress: 13%
5-8-2026 16:40:27 - debug: // ---- build task Sort some build options to settings.json ----
5-8-2026 16:40:27 - debug: init custom config: keepNodeUuid: false, useCache: true
5-8-2026 16:40:27 - debug: Skip compress image, progress: 0%
5-8-2026 16:40:27 - debug: // ---- build task Sort some build options to settings.json ---- (19ms)
5-8-2026 16:40:27 - log: run build task Sort some build options to settings.json success in 19 ms√, progress: 15%
5-8-2026 16:40:27 - debug: [Build Memory track]: Sort some build options to settings.json start:235.01MB, end 235.30MB, increase: 298.51KB
5-8-2026 16:40:27 - debug: Init all bundles start..., progress: 0%
5-8-2026 16:40:27 - debug: Num of bundles: 2..., progress: 0%
5-8-2026 16:40:27 - debug: Query asset bundle start, progress: 0%
5-8-2026 16:40:27 - debug: // ---- build task Query asset bundle ----
5-8-2026 16:40:27 - debug: Init bundle root assets start..., progress: 0%
5-8-2026 16:40:27 - debug: Query preload assets/scripts from cc.config.json: 60f7195c-ec2a-45eb-ba94-8955f60e81d0,1c02ae6f-4492-4915-b8f8-7492a3b1e4cd,810e96e4-e456-4468-9b59-f4e8f39732c0,efe8e2a3-eace-427b-b4f1-cb8a937ec77d,e9aa9a3e-5b2b-4ac7-a2c7-073de2b2b24f,8bbdbcdd-5cd4-4100-b6d5-b7c9625b6107,50f4348b-c883-4e2f-8f11-ce233b859fa1,fda095cb-831d-4601-ad94-846013963de8,f92806d7-1768-443f-afe8-12bcde84d0f0,dd3a144d-ab7f-41f0-82b8-2e43a090d496,f0416e68-0200-4b77-a926-4f9d16e494da,970b0598-bcb0-4714-91fb-2e81440dccd8,bcd64cc6-2dd9-43f6-abbe-66318d332032,d930590d-bb92-4cc8-8bd1-23cd027f9edf,a3cd009f-0ab0-420d-9278-b9fdab939bbc,6a2d0734-bd9e-4ddf-946e-caa52498cb75,c27215d8-6835-4b68-bfbb-bdeac6100c04,b5d6115f-0370-4d7c-aad3-c194cc71cf98,871c3b6c-7379-419d-bda3-794b239ab90d,ff9b0199-ce04-4cfe-86cc-6c719f08d6e4,de1c2107-70c8-4021-8459-6399f24d01c6,cbf30902-517f-40dc-af90-a550bac27cf1,5c601d96-e4c7-4698-991b-7ee674b11079
5-8-2026 16:40:27 - debug:   Number of all scenes: 1
5-8-2026 16:40:27 - debug:   Number of all scripts: 9
5-8-2026 16:40:27 - debug:   Number of other assets: 318
5-8-2026 16:40:27 - debug: Init bundle root assets success..., progress: 0%
5-8-2026 16:40:27 - debug: Query all assets info in project
5-8-2026 16:40:27 - debug: // ---- build task Query asset bundle ---- (10ms)
5-8-2026 16:40:27 - log: run build task Query asset bundle success in 10 ms√, progress: 5%
5-8-2026 16:40:27 - debug: [Build Memory track]: Query asset bundle start:235.49MB, end 236.12MB, increase: 641.87KB
5-8-2026 16:40:27 - debug: Query asset bundle start, progress: 5%
5-8-2026 16:40:27 - debug: // ---- build task Query asset bundle ----
5-8-2026 16:40:27 - debug: // ---- build task Query asset bundle ---- (5ms)
5-8-2026 16:40:27 - log: run build task Query asset bundle success in 5 ms√, progress: 10%
5-8-2026 16:40:27 - debug: [Build Memory track]: Query asset bundle start:236.16MB, end 234.77MB, increase: -1422.46KB
5-8-2026 16:40:27 - debug: Sort some build options to settings.json start, progress: 10%
5-8-2026 16:40:27 - debug: // ---- build task Sort some build options to settings.json ----
5-8-2026 16:40:27 - debug: // ---- build task Sort some build options to settings.json ---- (2ms)
5-8-2026 16:40:27 - log: run build task Sort some build options to settings.json success in 2 ms√, progress: 12%
5-8-2026 16:40:27 - debug: [Build Memory track]: Sort some build options to settings.json start:234.81MB, end 234.85MB, increase: 36.43KB
5-8-2026 16:40:27 - debug: Fill script data to settings start, progress: 12%
5-8-2026 16:40:27 - debug: // ---- build task Fill script data to settings ----
5-8-2026 16:40:27 - debug: // ---- build task Fill script data to settings ---- (5ms)
5-8-2026 16:40:27 - log: run build task Fill script data to settings success in 5 ms√, progress: 13%
5-8-2026 16:40:27 - debug: [Build Memory track]: Fill script data to settings start:234.89MB, end 234.92MB, increase: 36.33KB
5-8-2026 16:40:27 - debug: Sort some build options to settings.json start, progress: 13%
5-8-2026 16:40:27 - debug: // ---- build task Sort some build options to settings.json ----
5-8-2026 16:40:27 - debug: // ---- build task Sort some build options to settings.json ---- (6ms)
5-8-2026 16:40:27 - log: run build task Sort some build options to settings.json success in 6 ms√, progress: 15%
5-8-2026 16:40:27 - debug: [Build Memory track]: Sort some build options to settings.json start:234.97MB, end 235.22MB, increase: 265.56KB
5-8-2026 16:40:27 - debug: init custom config: keepNodeUuid: false, useCache: true
5-8-2026 16:40:27 - debug: Skip compress image, progress: 0%
5-8-2026 16:40:27 - debug: Query all assets info in project
5-8-2026 16:40:27 - debug: Init all bundles start..., progress: 0%
5-8-2026 16:40:27 - debug: Num of bundles: 2..., progress: 0%
5-8-2026 16:40:27 - debug: Query asset bundle start, progress: 0%
5-8-2026 16:40:27 - debug: // ---- build task Query asset bundle ----
5-8-2026 16:40:27 - debug: Init bundle root assets start..., progress: 0%
5-8-2026 16:40:27 - debug: Query preload assets/scripts from cc.config.json: 60f7195c-ec2a-45eb-ba94-8955f60e81d0,1c02ae6f-4492-4915-b8f8-7492a3b1e4cd,810e96e4-e456-4468-9b59-f4e8f39732c0,efe8e2a3-eace-427b-b4f1-cb8a937ec77d,e9aa9a3e-5b2b-4ac7-a2c7-073de2b2b24f,8bbdbcdd-5cd4-4100-b6d5-b7c9625b6107,50f4348b-c883-4e2f-8f11-ce233b859fa1,fda095cb-831d-4601-ad94-846013963de8,f92806d7-1768-443f-afe8-12bcde84d0f0,dd3a144d-ab7f-41f0-82b8-2e43a090d496,f0416e68-0200-4b77-a926-4f9d16e494da,970b0598-bcb0-4714-91fb-2e81440dccd8,bcd64cc6-2dd9-43f6-abbe-66318d332032,d930590d-bb92-4cc8-8bd1-23cd027f9edf,a3cd009f-0ab0-420d-9278-b9fdab939bbc,6a2d0734-bd9e-4ddf-946e-caa52498cb75,c27215d8-6835-4b68-bfbb-bdeac6100c04,b5d6115f-0370-4d7c-aad3-c194cc71cf98,871c3b6c-7379-419d-bda3-794b239ab90d,ff9b0199-ce04-4cfe-86cc-6c719f08d6e4,de1c2107-70c8-4021-8459-6399f24d01c6,cbf30902-517f-40dc-af90-a550bac27cf1,5c601d96-e4c7-4698-991b-7ee674b11079
5-8-2026 16:40:27 - debug:   Number of all scenes: 1
5-8-2026 16:40:27 - debug:   Number of all scripts: 9
5-8-2026 16:40:27 - debug:   Number of other assets: 318
5-8-2026 16:40:27 - debug: Init bundle root assets success..., progress: 0%
5-8-2026 16:40:27 - debug: // ---- build task Query asset bundle ---- (9ms)
5-8-2026 16:40:27 - log: run build task Query asset bundle success in 9 ms√, progress: 5%
5-8-2026 16:40:27 - debug: [Build Memory track]: Query asset bundle start:235.49MB, end 236.09MB, increase: 611.83KB
5-8-2026 16:40:27 - debug: Query asset bundle start, progress: 5%
5-8-2026 16:40:27 - debug: // ---- build task Query asset bundle ----
5-8-2026 16:40:27 - debug: // ---- build task Query asset bundle ---- (7ms)
5-8-2026 16:40:27 - log: run build task Query asset bundle success in 7 ms√, progress: 10%
5-8-2026 16:40:27 - debug: [Build Memory track]: Query asset bundle start:236.13MB, end 236.24MB, increase: 118.39KB
5-8-2026 16:40:27 - debug: Sort some build options to settings.json start, progress: 10%
5-8-2026 16:40:27 - debug: // ---- build task Sort some build options to settings.json ----
5-8-2026 16:40:27 - debug: // ---- build task Sort some build options to settings.json ---- (3ms)
5-8-2026 16:40:27 - log: run build task Sort some build options to settings.json success in 3 ms√, progress: 12%
5-8-2026 16:40:27 - debug: [Build Memory track]: Sort some build options to settings.json start:236.29MB, end 234.84MB, increase: -1478.62KB
5-8-2026 16:40:27 - debug: Fill script data to settings start, progress: 12%
5-8-2026 16:40:27 - debug: // ---- build task Fill script data to settings ----
5-8-2026 16:40:27 - debug: // ---- build task Fill script data to settings ---- (5ms)
5-8-2026 16:40:27 - log: run build task Fill script data to settings success in 5 ms√, progress: 13%
5-8-2026 16:40:27 - debug: [Build Memory track]: Fill script data to settings start:234.88MB, end 235.03MB, increase: 152.23KB
5-8-2026 16:40:27 - debug: Sort some build options to settings.json start, progress: 13%
5-8-2026 16:40:27 - debug: // ---- build task Sort some build options to settings.json ----
5-8-2026 16:40:27 - debug: init custom config: keepNodeUuid: false, useCache: true
5-8-2026 16:40:27 - debug: Skip compress image, progress: 0%
5-8-2026 16:40:27 - debug: // ---- build task Sort some build options to settings.json ---- (9ms)
5-8-2026 16:40:27 - log: run build task Sort some build options to settings.json success in 9 ms√, progress: 15%
5-8-2026 16:40:27 - debug: [Build Memory track]: Sort some build options to settings.json start:235.07MB, end 235.26MB, increase: 192.24KB
5-8-2026 16:40:27 - debug: Init all bundles start..., progress: 0%
5-8-2026 16:40:27 - debug: Num of bundles: 2..., progress: 0%
5-8-2026 16:40:27 - debug: Query asset bundle start, progress: 0%
5-8-2026 16:40:27 - debug: // ---- build task Query asset bundle ----
5-8-2026 16:40:27 - debug: Init bundle root assets start..., progress: 0%
5-8-2026 16:40:27 - debug: Query preload assets/scripts from cc.config.json: 60f7195c-ec2a-45eb-ba94-8955f60e81d0,1c02ae6f-4492-4915-b8f8-7492a3b1e4cd,810e96e4-e456-4468-9b59-f4e8f39732c0,efe8e2a3-eace-427b-b4f1-cb8a937ec77d,e9aa9a3e-5b2b-4ac7-a2c7-073de2b2b24f,8bbdbcdd-5cd4-4100-b6d5-b7c9625b6107,50f4348b-c883-4e2f-8f11-ce233b859fa1,fda095cb-831d-4601-ad94-846013963de8,f92806d7-1768-443f-afe8-12bcde84d0f0,dd3a144d-ab7f-41f0-82b8-2e43a090d496,f0416e68-0200-4b77-a926-4f9d16e494da,970b0598-bcb0-4714-91fb-2e81440dccd8,bcd64cc6-2dd9-43f6-abbe-66318d332032,d930590d-bb92-4cc8-8bd1-23cd027f9edf,a3cd009f-0ab0-420d-9278-b9fdab939bbc,6a2d0734-bd9e-4ddf-946e-caa52498cb75,c27215d8-6835-4b68-bfbb-bdeac6100c04,b5d6115f-0370-4d7c-aad3-c194cc71cf98,871c3b6c-7379-419d-bda3-794b239ab90d,ff9b0199-ce04-4cfe-86cc-6c719f08d6e4,de1c2107-70c8-4021-8459-6399f24d01c6,cbf30902-517f-40dc-af90-a550bac27cf1,5c601d96-e4c7-4698-991b-7ee674b11079
5-8-2026 16:40:27 - debug:   Number of all scenes: 1
5-8-2026 16:40:27 - debug:   Number of all scripts: 9
5-8-2026 16:40:27 - debug:   Number of other assets: 318
5-8-2026 16:40:27 - debug: Init bundle root assets success..., progress: 0%
5-8-2026 16:40:27 - debug: Query all assets info in project
5-8-2026 16:40:27 - debug: // ---- build task Query asset bundle ---- (13ms)
5-8-2026 16:40:27 - log: run build task Query asset bundle success in 13 ms√, progress: 5%
5-8-2026 16:40:27 - debug: [Build Memory track]: Query asset bundle start:235.45MB, end 236.04MB, increase: 601.51KB
5-8-2026 16:40:27 - debug: Query asset bundle start, progress: 5%
5-8-2026 16:40:27 - debug: // ---- build task Query asset bundle ----
5-8-2026 16:40:27 - debug: // ---- build task Query asset bundle ---- (8ms)
5-8-2026 16:40:27 - log: run build task Query asset bundle success in 8 ms√, progress: 10%
5-8-2026 16:40:27 - debug: [Build Memory track]: Query asset bundle start:236.08MB, end 236.20MB, increase: 122.93KB
5-8-2026 16:40:27 - debug: Sort some build options to settings.json start, progress: 10%
5-8-2026 16:40:27 - debug: // ---- build task Sort some build options to settings.json ----
5-8-2026 16:40:27 - debug: // ---- build task Sort some build options to settings.json ---- (3ms)
5-8-2026 16:40:27 - log: run build task Sort some build options to settings.json success in 3 ms√, progress: 12%
5-8-2026 16:40:27 - debug: [Build Memory track]: Sort some build options to settings.json start:236.24MB, end 236.27MB, increase: 34.00KB
5-8-2026 16:40:27 - debug: Fill script data to settings start, progress: 12%
5-8-2026 16:40:27 - debug: // ---- build task Fill script data to settings ----
5-8-2026 16:40:27 - debug: // ---- build task Fill script data to settings ---- (3ms)
5-8-2026 16:40:27 - log: run build task Fill script data to settings success in 3 ms√, progress: 13%
5-8-2026 16:40:27 - debug: [Build Memory track]: Fill script data to settings start:236.31MB, end 236.35MB, increase: 38.98KB
5-8-2026 16:40:27 - debug: Sort some build options to settings.json start, progress: 13%
5-8-2026 16:40:27 - debug: // ---- build task Sort some build options to settings.json ----
5-8-2026 16:40:27 - debug: // ---- build task Sort some build options to settings.json ---- (8ms)
5-8-2026 16:40:27 - log: run build task Sort some build options to settings.json success in 8 ms√, progress: 15%
5-8-2026 16:40:27 - debug: [Build Memory track]: Sort some build options to settings.json start:236.39MB, end 235.17MB, increase: -1253.94KB
5-8-2026 16:40:27 - debug: init custom config: keepNodeUuid: false, useCache: true
5-8-2026 16:40:27 - debug: Skip compress image, progress: 0%
5-8-2026 16:40:27 - debug: Init all bundles start..., progress: 0%
5-8-2026 16:40:27 - debug: Num of bundles: 2..., progress: 0%
5-8-2026 16:40:27 - debug: Query asset bundle start, progress: 0%
5-8-2026 16:40:27 - debug: // ---- build task Query asset bundle ----
5-8-2026 16:40:27 - debug: Init bundle root assets start..., progress: 0%
5-8-2026 16:40:27 - debug: Query preload assets/scripts from cc.config.json: 60f7195c-ec2a-45eb-ba94-8955f60e81d0,1c02ae6f-4492-4915-b8f8-7492a3b1e4cd,810e96e4-e456-4468-9b59-f4e8f39732c0,efe8e2a3-eace-427b-b4f1-cb8a937ec77d,e9aa9a3e-5b2b-4ac7-a2c7-073de2b2b24f,8bbdbcdd-5cd4-4100-b6d5-b7c9625b6107,50f4348b-c883-4e2f-8f11-ce233b859fa1,fda095cb-831d-4601-ad94-846013963de8,f92806d7-1768-443f-afe8-12bcde84d0f0,dd3a144d-ab7f-41f0-82b8-2e43a090d496,f0416e68-0200-4b77-a926-4f9d16e494da,970b0598-bcb0-4714-91fb-2e81440dccd8,bcd64cc6-2dd9-43f6-abbe-66318d332032,d930590d-bb92-4cc8-8bd1-23cd027f9edf,a3cd009f-0ab0-420d-9278-b9fdab939bbc,6a2d0734-bd9e-4ddf-946e-caa52498cb75,c27215d8-6835-4b68-bfbb-bdeac6100c04,b5d6115f-0370-4d7c-aad3-c194cc71cf98,871c3b6c-7379-419d-bda3-794b239ab90d,ff9b0199-ce04-4cfe-86cc-6c719f08d6e4,de1c2107-70c8-4021-8459-6399f24d01c6,cbf30902-517f-40dc-af90-a550bac27cf1,5c601d96-e4c7-4698-991b-7ee674b11079
5-8-2026 16:40:27 - debug:   Number of all scenes: 1
5-8-2026 16:40:27 - debug:   Number of all scripts: 9
5-8-2026 16:40:27 - debug:   Number of other assets: 318
5-8-2026 16:40:27 - debug: Init bundle root assets success..., progress: 0%
5-8-2026 16:40:27 - debug: // ---- build task Query asset bundle ---- (11ms)
5-8-2026 16:40:27 - log: run build task Query asset bundle success in 11 ms√, progress: 5%
5-8-2026 16:40:27 - debug: [Build Memory track]: Query asset bundle start:235.40MB, end 235.97MB, increase: 588.89KB
5-8-2026 16:40:27 - debug: Query asset bundle start, progress: 5%
5-8-2026 16:40:27 - debug: // ---- build task Query asset bundle ----
5-8-2026 16:40:27 - debug: // ---- build task Query asset bundle ---- (5ms)
5-8-2026 16:40:27 - log: run build task Query asset bundle success in 5 ms√, progress: 10%
5-8-2026 16:40:27 - debug: [Build Memory track]: Query asset bundle start:236.01MB, end 236.12MB, increase: 110.41KB
5-8-2026 16:40:27 - debug: Sort some build options to settings.json start, progress: 10%
5-8-2026 16:40:27 - debug: // ---- build task Sort some build options to settings.json ----
5-8-2026 16:40:27 - debug: // ---- build task Sort some build options to settings.json ---- (3ms)
5-8-2026 16:40:27 - log: run build task Sort some build options to settings.json success in 3 ms√, progress: 12%
5-8-2026 16:40:27 - debug: [Build Memory track]: Sort some build options to settings.json start:236.15MB, end 236.21MB, increase: 59.12KB
5-8-2026 16:40:27 - debug: Fill script data to settings start, progress: 12%
5-8-2026 16:40:27 - debug: // ---- build task Fill script data to settings ----
5-8-2026 16:40:27 - debug: // ---- build task Fill script data to settings ---- (3ms)
5-8-2026 16:40:27 - log: run build task Fill script data to settings success in 3 ms√, progress: 13%
5-8-2026 16:40:27 - debug: [Build Memory track]: Fill script data to settings start:236.24MB, end 236.27MB, increase: 28.03KB
5-8-2026 16:40:27 - debug: Sort some build options to settings.json start, progress: 13%
5-8-2026 16:40:27 - debug: // ---- build task Sort some build options to settings.json ----
5-8-2026 16:40:27 - debug: // ---- build task Sort some build options to settings.json ---- (7ms)
5-8-2026 16:40:27 - log: run build task Sort some build options to settings.json success in 7 ms√, progress: 15%
5-8-2026 16:40:27 - debug: [Build Memory track]: Sort some build options to settings.json start:236.30MB, end 236.43MB, increase: 128.15KB
5-8-2026 16:40:27 - log: [buildPolyfillsCommand]enter sub process 55120, 9229, see: chrome://inspect/#devices
5-8-2026 16:40:31 - debug: execute-script-end with buildPolyfillsCommand 4995ms
5-8-2026 16:40:31 - debug: Generate systemJs..., progress: 17%
5-8-2026 16:40:34 - debug: execute-script-end with buildSystemJsCommand 2522ms
5-8-2026 16:40:34 - debug: Build project script start..., progress: 17%
5-8-2026 16:40:34 - debug: Build project script start..., progress: 13%
5-8-2026 16:40:36 - log: [buildScriptCommand]Number of non-entry chunks: 2
5-8-2026 16:40:36 - debug: execute-script-end with buildScriptCommand 2437ms
5-8-2026 16:40:36 - debug: Copy externalScripts success!
5-8-2026 16:40:36 - debug: Build project script in (2470 ms) √, progress: 17%
5-8-2026 16:40:36 - debug: Build project script in (2470 ms) √, progress: 13%
5-8-2026 16:40:36 - debug: Build engine start..., progress: 17%
5-8-2026 16:40:36 - debug: mangleProperties is enabled, found engine-mangle-config.json, use it
5-8-2026 16:40:36 - debug: Error: Exit process with code:null, signal:SIGTERM in task build-script    at ChildProcess.<anonymous> (C:\ProgramData\cocos\editors\Creator\3.8.8\resources\app.asar\builtin\builder\dist\worker\worker-pools\sub-process-manager.ccc:1:2409)    at ChildProcess.emit (node:events:519:28)    at Process.ChildProcess._handle.onexit (node:internal/child_process:294:12)
5-8-2026 16:40:36 - debug: Use cache engine: {link(C:\Users\Onehit\AppData\Local\Temp\CocosCreator\3.8.8\builder\engine\eef999ba20bc9725c0a1417607c388c1)}
5-8-2026 16:40:36 - debug: Use cache, md5String: debug=false,sourceMaps=false,includeModules=["2d","affine-transform","animation","audio","base","custom-pipeline","dragon-bones","gfx-webgl","gfx-webgl2","graphics","intersection-2d","mask","particle-2d","physics-2d-box2d","profiler","rich-text","spine-3.8","tiled-map","tween","ui","video","webview","custom-pipeline-builtin-scripts"],engineVersion="3.8.8",platformType="HTML5",split=false,nativeCodeBundleMode="asmjs",targets=undefined,entry="C:\\ProgramData\\cocos\\editors\\Creator\\3.8.8\\resources\\resources\\3d\\engine",noDeprecatedFeatures=undefined,loose=true,assetURLFormat="runtime-resolved",flags={"DEBUG":false,"LOAD_BULLET_MANUALLY":false,"LOAD_SPINE_MANUALLY":false,"WEBGPU":false},preserveType=undefined,wasmCompressionMode=false,enableNamedRegisterForSystemJSModuleFormat=undefined,mangleProperties=false,inlineEnum=true,
5-8-2026 16:40:36 - debug: Use cache, options: {  "entry": "C:\\ProgramData\\cocos\\editors\\Creator\\3.8.8\\resources\\resources\\3d\\engine",  "debug": false,  "mangleProperties": false,  "inlineEnum": true,  "sourceMaps": false,  "includeModules": [    "2d",    "affine-transform",    "animation",    "audio",    "base",    "custom-pipeline",    "dragon-bones",    "gfx-webgl",    "gfx-webgl2",    "graphics",    "intersection-2d",    "mask",    "particle-2d",    "physics-2d-box2d",    "profiler",    "rich-text",    "spine-3.8",    "tiled-map",    "tween",    "ui",    "video",    "webview",    "custom-pipeline-builtin-scripts"  ],  "engineVersion": "3.8.8",  "md5Map": [],  "engineName": "cocos-js",  "output": "C:\\Users\\Onehit\\NewProject_2\\build\\web-mobile\\cocos-js",  "platformType": "HTML5",  "useCache": true,  "nativeCodeBundleMode": "asmjs",  "wasmCompressionMode": false,  "split": false,  "assetURLFormat": "runtime-resolved",  "flags": {    "DEBUG": false,    "LOAD_BULLET_MANUALLY": false,    "LOAD_SPINE_MANUALLY": false,    "WEBGPU": false  }}
5-8-2026 16:40:36 - debug: Build engine in (183 ms) √, progress: 17%
5-8-2026 16:40:36 - debug: Copy plugin script ..., progress: 17%
5-8-2026 16:40:36 - debug: Generate import-map..., progress: 17%
5-8-2026 16:40:36 - debug: // ---- build task Build script ---- (10222ms)
5-8-2026 16:40:36 - log: run build task Build script success in 10 s√, progress: 22%
5-8-2026 16:40:36 - debug: [Build Memory track]: Build script start:235.05MB, end 236.24MB, increase: 1.19MB
5-8-2026 16:40:36 - debug: Build Assets start, progress: 22%
5-8-2026 16:40:36 - debug: // ---- build task Build Assets ----
5-8-2026 16:40:36 - debug: Build bundles..., progress: 22%
5-8-2026 16:40:36 - debug: Pack Images start, progress: 22%
5-8-2026 16:40:36 - debug: Pack Images start, progress: 13%
5-8-2026 16:40:36 - debug: Number of pac assets: 1
5-8-2026 16:40:36 - debug: No pack results
5-8-2026 16:40:36 - debug: Compress image start..., progress: 22%
5-8-2026 16:40:36 - debug: Compress image start..., progress: 13%
5-8-2026 16:40:36 - group: Compress image...
5-8-2026 16:40:36 - debug: sort compress task {}
5-8-2026 16:40:36 - debug: Num of all image compress task 0, really: 0, configTasks: 0
5-8-2026 16:40:36 - debug: No image need to compress
5-8-2026 16:40:36 - groupEnd: Compress image...
5-8-2026 16:40:36 - debug: Compress image success..., progress: 22%
5-8-2026 16:40:36 - debug: Compress image success..., progress: 13%
5-8-2026 16:40:36 - debug: Output asset in bundles start, progress: 22%
5-8-2026 16:40:36 - debug: Output asset in bundles start, progress: 13%
5-8-2026 16:40:36 - debug: Handle all json groups in bundle internal
5-8-2026 16:40:36 - debug: handle json group
5-8-2026 16:40:36 - debug: Handle all json groups in bundle main
5-8-2026 16:40:36 - debug: handle json group
5-8-2026 16:40:37 - debug: Json group(0a6a92f56) compile success，json number: 6
5-8-2026 16:40:37 - debug: handle single json
5-8-2026 16:40:37 - debug: Json group(04f923b60) compile success，json number: 6
5-8-2026 16:40:37 - debug: handle single json
5-8-2026 16:40:37 - debug: Output asset in bundles success, progress: 22%
5-8-2026 16:40:37 - debug: Output asset in bundles success, progress: 13%
5-8-2026 16:40:37 - debug: Output asset in bundles start, progress: 22%
5-8-2026 16:40:37 - debug: Output asset in bundles start, progress: 13%
5-8-2026 16:40:37 - debug: compress config of bundle internal...
5-8-2026 16:40:37 - debug: compress config of bundle internal success
5-8-2026 16:40:37 - debug: compress config of bundle main...
5-8-2026 16:40:37 - debug: compress config of bundle main success
5-8-2026 16:40:37 - debug: output config of bundle internal
5-8-2026 16:40:37 - debug: output config of bundle internal success
5-8-2026 16:40:37 - debug: output config of bundle main
5-8-2026 16:40:37 - debug: output config of bundle main success
5-8-2026 16:40:37 - debug: Output asset in bundles success, progress: 22%
5-8-2026 16:40:37 - debug: Output asset in bundles success, progress: 13%
5-8-2026 16:40:37 - debug: // ---- build task Build Assets ---- (213ms)
5-8-2026 16:40:37 - log: run build task Build Assets success in 213 ms√, progress: 27%
5-8-2026 16:40:37 - debug: [Build Memory track]: Build Assets start:236.28MB, end 238.79MB, increase: 2.51MB
5-8-2026 16:40:37 - debug: Sort some build options to settings.json start, progress: 27%
5-8-2026 16:40:37 - debug: // ---- build task Sort some build options to settings.json ----
5-8-2026 16:40:37 - debug: // ---- build task Sort some build options to settings.json ---- (28ms)
5-8-2026 16:40:37 - log: run build task Sort some build options to settings.json success in 28 ms√, progress: 29%
5-8-2026 16:40:37 - debug: [Build Memory track]: Sort some build options to settings.json start:238.88MB, end 236.82MB, increase: -2111.04KB
5-8-2026 16:40:37 - debug: Fill script data to settings start, progress: 29%
5-8-2026 16:40:37 - debug: // ---- build task Fill script data to settings ----
5-8-2026 16:40:37 - debug: // ---- build task Fill script data to settings ---- (46ms)
5-8-2026 16:40:37 - log: run build task Fill script data to settings success in 46 ms√, progress: 31%
5-8-2026 16:40:37 - debug: [Build Memory track]: Fill script data to settings start:236.86MB, end 236.96MB, increase: 106.79KB
5-8-2026 16:40:37 - debug: Sort some build options to settings.json start, progress: 31%
5-8-2026 16:40:37 - debug: // ---- build task Sort some build options to settings.json ----
5-8-2026 16:40:37 - debug: // ---- build task Sort some build options to settings.json ---- (36ms)
5-8-2026 16:40:37 - log: run build task Sort some build options to settings.json success in 36 ms√, progress: 32%
5-8-2026 16:40:37 - debug: [Build Memory track]: Sort some build options to settings.json start:237.00MB, end 237.16MB, increase: 167.04KB
5-8-2026 16:40:37 - debug: web-mobile:(onBeforeCompressSettings) start..., progress: 32%
5-8-2026 16:40:37 - debug: // ---- build task web-mobile：onBeforeCompressSettings ----
5-8-2026 16:40:37 - debug: // ---- build task web-mobile：onBeforeCompressSettings ---- (23ms)
5-8-2026 16:40:37 - debug: web-mobile:(onBeforeCompressSettings) in 23 ms ✓, progress: 34%
5-8-2026 16:40:37 - debug: cocos-service:(onBeforeCompressSettings) start..., progress: 34%
5-8-2026 16:40:37 - debug: // ---- build task cocos-service：onBeforeCompressSettings ----
5-8-2026 16:40:37 - debug: // ---- build task cocos-service：onBeforeCompressSettings ---- (207ms)
5-8-2026 16:40:37 - debug: cocos-service:(onBeforeCompressSettings) in 207 ms ✓, progress: 36%
5-8-2026 16:40:37 - debug: Sort build template start, progress: 36%
5-8-2026 16:40:37 - debug: // ---- build task Sort build template ----
5-8-2026 16:40:37 - debug: // ---- build task Sort build template ---- (111ms)
5-8-2026 16:40:37 - log: run build task Sort build template success in 111 ms√, progress: 41%
5-8-2026 16:40:37 - debug: [Build Memory track]: Sort build template start:237.42MB, end 241.15MB, increase: 3.73MB
5-8-2026 16:40:37 - debug: cocos-service:(onAfterCompressSettings) start..., progress: 41%
5-8-2026 16:40:37 - debug: // ---- build task cocos-service：onAfterCompressSettings ----
5-8-2026 16:40:37 - debug: // ---- build task cocos-service：onAfterCompressSettings ---- (146ms)
5-8-2026 16:40:37 - debug: cocos-service:(onAfterCompressSettings) in 146 ms ✓, progress: 43%
5-8-2026 16:40:37 - debug: web-mobile:(onBeforeCopyBuildTemplate) start..., progress: 43%
5-8-2026 16:40:37 - debug: // ---- build task web-mobile：onBeforeCopyBuildTemplate ----
5-8-2026 16:40:37 - debug: // ---- build task web-mobile：onBeforeCopyBuildTemplate ---- (36ms)
5-8-2026 16:40:37 - debug: web-mobile:(onBeforeCopyBuildTemplate) in 36 ms ✓, progress: 45%
5-8-2026 16:40:37 - debug: Add md5 suffix to assets start, progress: 45%
5-8-2026 16:40:37 - debug: // ---- build task Add md5 suffix to assets ----
5-8-2026 16:40:37 - debug: // ---- build task Add md5 suffix to assets ---- (22ms)
5-8-2026 16:40:37 - log: run build task Add md5 suffix to assets success in 22 ms√, progress: 55%
5-8-2026 16:40:37 - debug: [Build Memory track]: Add md5 suffix to assets start:241.17MB, end 241.23MB, increase: 65.43KB
5-8-2026 16:40:37 - debug: web-mobile:(onAfterBuild) start..., progress: 55%
5-8-2026 16:40:37 - debug: // ---- build task web-mobile：onAfterBuild ----
5-8-2026 16:40:37 - debug: // ---- build task web-mobile：onAfterBuild ---- (23ms)
5-8-2026 16:40:37 - debug: web-mobile:(onAfterBuild) in 23 ms ✓, progress: 56%
5-8-2026 16:40:37 - debug: cocos-service:(onAfterBuild) start..., progress: 56%
5-8-2026 16:40:37 - debug: // ---- build task cocos-service：onAfterBuild ----
5-8-2026 16:40:38 - debug: // ---- build task cocos-service：onAfterBuild ---- (150ms)
5-8-2026 16:40:38 - debug: cocos-service:(onAfterBuild) in 150 ms ✓, progress: 58%
5-8-2026 16:40:38 - debug: adsense-h5g-plugin:(onAfterBuild) start..., progress: 58%
5-8-2026 16:40:38 - debug: // ---- build task adsense-h5g-plugin：onAfterBuild ----
5-8-2026 16:40:38 - debug: // ---- build task adsense-h5g-plugin：onAfterBuild ---- (22ms)
5-8-2026 16:40:38 - debug: adsense-h5g-plugin:(onAfterBuild) in 22 ms ✓, progress: 60%
5-8-2026 16:40:38 - log: Asset DB is resume!
5-8-2026 16:40:38 - debug: builder:build-project-total (15393ms)
5-8-2026 16:40:38 - debug: build task(web-mobile) in 15393!
5-8-2026 16:40:38 - debug: [Build Memory track]: builder:build-project-total start:232.43MB, end 241.58MB, increase: 9.15MB
5-8-2026 16:40:38 - debug: ================================ build Task (web-mobile) Finished in (15 s)ms ================================
